\BOOKMARK [0][-]{titlepage.0}{\376\377\134\001\227\142}{}% 1
\BOOKMARK [0][-]{cabstract.0}{\376\377\144\130\211\201}{}% 2
\BOOKMARK [0][-]{eabstract.0}{\376\377\000A\000B\000S\000T\000R\000A\000C\000T}{}% 3
\BOOKMARK [0][-]{contents.0}{\376\377\166\356\137\125}{}% 4
\BOOKMARK [0][-]{chapter.1}{\376\377\170\024\172\166\200\314\146\157\116\016\143\021\142\030}{}% 5
\BOOKMARK [1][-]{section.1.1}{\376\377\121\167\216\253\146\172\200\375\116\016\116\272\147\072\121\161\165\037\166\204\123\321\134\125\116\016\143\021\142\030}{chapter.1}% 6
\BOOKMARK [1][-]{section.1.2}{\376\377\116\272\147\072\121\161\165\037\163\257\130\203\116\055\154\350\141\017\122\233\232\161\122\250\166\204\133\232\124\021\116\244\116\222}{chapter.1}% 7
\BOOKMARK [1][-]{section.1.3}{\376\377\227\142\124\021\133\232\124\021\116\244\116\222\166\204\220\032\117\341\141\037\167\345\142\200\147\057\123\321\134\125}{chapter.1}% 8
\BOOKMARK [0][-]{chapter.2}{\376\377\170\024\172\166\163\260\162\266}{}% 9
\BOOKMARK [1][-]{section.2.1}{\376\377\133\232\124\021\121\111\133\146\224\376\215\357}{chapter.2}% 10
\BOOKMARK [1][-]{section.2.2}{\376\377\154\350\141\017\122\233\232\161\122\250\166\204\166\364\211\302\116\244\116\222}{chapter.2}% 11
\BOOKMARK [1][-]{section.2.3}{\376\377\127\372\116\216\167\074\122\250\060\001\201\021\165\065\117\341\123\367\166\204\141\017\126\376\213\306\122\053}{chapter.2}% 12
\BOOKMARK [0][-]{chapter.3}{\376\377\147\054\145\207\135\345\117\134\123\312\137\123\122\115\217\333\134\125}{}% 13
\BOOKMARK [1][-]{section.3.1}{\376\377\142\200\147\057\143\021\142\030}{chapter.3}% 14
\BOOKMARK [1][-]{section.3.2}{\376\377\170\024\172\166\135\345\117\134\140\073\211\310}{chapter.3}% 15
\BOOKMARK [1][-]{section.3.3}{\376\377\000R\000e\000t\000r\000o\000A\000R\377\032\127\372\116\216\142\113\147\072\143\007\124\021\166\204\123\357\211\301\121\111\227\136\143\245\211\346\133\232\124\021\116\244\116\222\174\373\176\337}{chapter.3}% 16
\BOOKMARK [2][-]{subsection.3.3.1}{\376\377\137\025\212\000}{section.3.3}% 17
\BOOKMARK [2][-]{subsection.3.3.2}{\376\377\170\024\172\166\200\314\146\157}{section.3.3}% 18
\BOOKMARK [2][-]{subsection.3.3.3}{\376\377\174\373\176\337\151\202\217\360}{section.3.3}% 19
\BOOKMARK [2][-]{subsection.3.3.4}{\376\377\174\373\176\337\213\276\213\241}{section.3.3}% 20
\BOOKMARK [2][-]{subsection.3.3.5}{\376\377\174\373\176\337\232\214\213\301}{section.3.3}% 21
\BOOKMARK [2][-]{subsection.3.3.6}{\376\377\165\050\142\067\133\236\232\214}{section.3.3}% 22
\BOOKMARK [2][-]{subsection.3.3.7}{\376\377\134\017\176\323}{section.3.3}% 23
\BOOKMARK [1][-]{section.3.4}{\376\377\000E\000c\000h\000o\000S\000i\000g\000h\000t\377\032\227\142\124\021\146\172\200\375\167\074\225\134\166\204\123\314\124\021\217\321\176\242\131\026\166\364\211\302\116\244\116\222\174\373\176\337}{chapter.3}% 24
\BOOKMARK [2][-]{subsection.3.4.1}{\376\377\137\025\212\000}{section.3.4}% 25
\BOOKMARK [2][-]{subsection.3.4.2}{\376\377\170\024\172\166\200\314\146\157}{section.3.4}% 26
\BOOKMARK [2][-]{subsection.3.4.3}{\376\377\174\373\176\337\151\202\217\360}{section.3.4}% 27
\BOOKMARK [2][-]{subsection.3.4.4}{\376\377\174\373\176\337\213\276\213\241}{section.3.4}% 28
\BOOKMARK [2][-]{subsection.3.4.5}{\376\377\174\373\176\337\232\214\213\301}{section.3.4}% 29
\BOOKMARK [2][-]{subsection.3.4.6}{\376\377\165\050\142\067\133\236\232\214}{section.3.4}% 30
\BOOKMARK [2][-]{subsection.3.4.7}{\376\377\134\017\176\323}{section.3.4}% 31
\BOOKMARK [1][-]{section.3.5}{\376\377\000O\000m\000n\000i\000s\000i\000g\000h\000t\377\032\167\074\201\021\200\124\124\010\166\204\154\350\141\017\122\233\232\161\122\250\141\017\126\376\116\244\116\222\174\373\176\337}{chapter.3}% 32
\BOOKMARK [2][-]{subsection.3.5.1}{\376\377\137\025\212\000}{section.3.5}% 33
\BOOKMARK [2][-]{subsection.3.5.2}{\376\377\170\024\172\166\200\314\146\157}{section.3.5}% 34
\BOOKMARK [2][-]{subsection.3.5.3}{\376\377\174\373\176\337\151\202\217\360}{section.3.5}% 35
\BOOKMARK [2][-]{subsection.3.5.4}{\376\377\174\373\176\337\213\276\213\241}{section.3.5}% 36
\BOOKMARK [2][-]{subsection.3.5.5}{\376\377\174\373\176\337\232\214\213\301}{section.3.5}% 37
\BOOKMARK [2][-]{subsection.3.5.6}{\376\377\165\050\142\067\133\236\232\214}{section.3.5}% 38
\BOOKMARK [2][-]{subsection.3.5.7}{\376\377\134\017\176\323}{section.3.5}% 39
\BOOKMARK [0][-]{chapter.4}{\376\377\170\024\172\166\213\241\122\022}{}% 40
\BOOKMARK [1][-]{section.4.1}{\376\377\213\272\145\207\143\320\176\262}{chapter.4}% 41
\BOOKMARK [1][-]{section.4.2}{\376\377\145\366\225\364\217\333\136\246\133\211\143\222}{chapter.4}% 42
\BOOKMARK [0][-]{chapter*.38}{\376\377\123\302\200\003\145\207\163\056}{}% 43
